
 ⛅️ wrangler 4.100.0 (update available 4.102.0)
───────────────────────────────────────────────
Using secrets defined in .dev.vars
Your Worker has access to the following bindings:
Binding                                                                  Resource                  Mode
env.DB (quanto-db)                                                       D1 Database               local
env.AI                                                                   AI                        not supported
env.BRAPI_BASE_URL ("https://brapi.dev/api")                             Environment Variable      local
env.JWT_SECRET ("quanto-jwt-secret-2026-mude-em-producao")               Environment Variable      local
env.BRAPI_TOKEN ("(hidden)")                                             Environment Variable      local
env.BRAPI_BASE_URL=http ("(hidden)")                                     Environment Variable      local

⎔ Starting local server...
[wrangler:info] Ready on http://127.0.0.1:8787
[wrangler:info] GET /api/health 200 OK (32ms)
[wrangler:info] POST /api/auth/register 201 Created (62ms)
[wrangler:info] GET / 200 OK (5ms)
[wrangler:info] GET /fonts/archivo-bold.woff2 200 OK (6ms)
[wrangler:info] GET /style.css 200 OK (7ms)
[wrangler:info] GET /fonts/archivo-extrabold.woff2 200 OK (9ms)
[wrangler:info] GET /fonts/inter-regular.woff2 200 OK (10ms)
[wrangler:info] GET /fonts/inter-medium.woff2 200 OK (10ms)
[wrangler:info] GET /fonts/inter-semibold.woff2 200 OK (12ms)
[wrangler:info] GET /fonts/inter-bold.woff2 200 OK (13ms)
[wrangler:info] GET /app.js 200 OK (3ms)
[wrangler:info] GET /sw.js 200 OK (3ms)
[wrangler:info] GET /api/portfolio 200 OK (29ms)
[wrangler:info] GET / 304 Not Modified (4ms)
[wrangler:info] GET /app.js 304 Not Modified (6ms)
[wrangler:info] GET /style.css 304 Not Modified (7ms)
[wrangler:info] GET /manifest.json 200 OK (5ms)
